export const snapshot = {};

snapshot[`parse a basic program 1`] = `
{
  declarations: [
    {
      body: {
        contents: {
          names: [
            "x",
            "y",
          ],
          type: 22,
          value: {
            type: 21,
            values: [
              {
                type: 19,
                value: "y",
              },
              {
                type: 19,
                value: "x",
              },
            ],
          },
        },
        rest: {
          contents: {
            name: "list",
            type: 1,
            value: {
              contents: [
                {
                  type: 19,
                  value: "x",
                },
                {
                  type: 16,
                  value: {
                    type: 19,
                    value: "list",
                  },
                },
                {
                  type: 19,
                  value: "y",
                },
              ],
              type: 10,
            },
          },
          rest: {
            contents: {
              name: "p",
              type: 1,
              value: {
                args: [
                  {
                    type: 19,
                    value: "2",
                  },
                  {
                    type: 19,
                    value: "3",
                  },
                ],
                name: "point",
                type: 6,
              },
            },
            rest: {
              contents: {
                name: "y",
                type: 1,
                value: {
                  type: 21,
                  values: [
                    {
                      left: {
                        type: 19,
                        value: "p",
                      },
                      right: "x",
                      type: 3,
                    },
                    {
                      left: {
                        type: 19,
                        value: "p",
                      },
                      right: "y",
                      type: 3,
                    },
                  ],
                },
              },
              rest: {
                contents: {
                  type: 15,
                  value: {
                    args: [
                      {
                        args: [
                          {
                            type: 19,
                            value: "1",
                          },
                          {
                            args: [
                              {
                                type: 19,
                                value: "x",
                              },
                              {
                                type: 19,
                                value: '"hello"',
                              },
                            ],
                            name: "+",
                            type: 6,
                          },
                        ],
                        name: "+",
                        type: 6,
                      },
                      {
                        args: [
                          {
                            args: [
                              {
                                type: 19,
                                value: "true",
                              },
                              {
                                args: [
                                  {
                                    args: [
                                      {
                                        type: 19,
                                        value: "3",
                                      },
                                      {
                                        args: [
                                          {
                                            type: 19,
                                            value: "false",
                                          },
                                          {
                                            type: 19,
                                            value: "nil",
                                          },
                                        ],
                                        name: ">=",
                                        type: 6,
                                      },
                                    ],
                                    name: "<",
                                    type: 6,
                                  },
                                ],
                                name: "-",
                                type: 6,
                              },
                            ],
                            name: "/",
                            type: 6,
                          },
                        ],
                        name: "not",
                        type: 6,
                      },
                    ],
                    name: "*",
                    type: 6,
                  },
                },
                rest: null,
                type: 17,
              },
              type: 17,
            },
            type: 17,
          },
          type: 17,
        },
        type: 17,
      },
      name: "foo",
      parameters: [
        {
          char: 14,
          line: 1,
          name: "x",
          paramType: "number",
          type: 12,
        },
      ],
      type: 7,
    },
    {
      body: {
        contents: {
          name: "x",
          type: 1,
          value: {
            args: [
              {
                contents: [
                  {
                    type: 19,
                    value: "1",
                  },
                  {
                    type: 19,
                    value: "2",
                  },
                  {
                    type: 19,
                    value: "3",
                  },
                ],
                type: 10,
              },
              {
                body: {
                  args: [
                    {
                      type: 19,
                      value: "x",
                    },
                    {
                      type: 19,
                      value: "y",
                    },
                  ],
                  name: "+",
                  type: 6,
                },
                parameters: [
                  "x",
                  "y",
                ],
                type: 9,
              },
              {
                type: 19,
                value: "0",
              },
            ],
            name: "reduce",
            type: 6,
          },
        },
        rest: {
          contents: {
            type: 15,
            value: {
              args: [
                {
                  args: [
                    {
                      type: 19,
                      value: "3",
                    },
                  ],
                  name: "foo",
                  type: 6,
                },
                {
                  type: 19,
                  value: "0",
                },
              ],
              name: ">",
              type: 6,
            },
          },
          rest: null,
          type: 17,
        },
        type: 17,
      },
      name: "|foo works|",
      parameters: [
        {
          char: 21,
          line: 9,
          name: "x",
          paramType: "number",
          type: 12,
        },
      ],
      type: 20,
    },
    {
      name: "*foo*",
      type: 2,
      value: {
        type: 19,
        value: "1",
      },
    },
    {
      name: "baz",
      parameters: [
        {
          char: 12,
          line: 16,
          name: "x",
          paramType: "number",
          type: 12,
        },
        {
          char: 23,
          line: 16,
          name: "y",
          paramType: "number",
          type: 12,
        },
      ],
      type: 18,
    },
    {
      body: {
        contents: {
          expressions: [
            {
              type: 19,
              value: '"world"',
            },
          ],
          template: '"hello, ~x0!"',
          type: 13,
        },
        rest: null,
        type: 17,
      },
      type: 11,
    },
  ],
  type: 14,
}
`;
